\BOOKMARK [1][-]{section.1}{\376\377\000O\000b\000j\000e\000c\000t\000i\000f\000\040\000g\000\351\000n\000\351\000r\000a\000l}{}% 1
\BOOKMARK [1][-]{section.2}{\376\377\000N\000o\000t\000i\000o\000n\000\040\000d\000e\000\040\000s\000e\000g\000m\000e\000n\000t}{}% 2
\BOOKMARK [1][-]{section.3}{\376\377\000P\000o\000u\000r\000q\000u\000o\000i\000\040\000n\000e\000\040\000p\000a\000s\000\040\000c\000o\000n\000c\000a\000t\000\351\000n\000e\000r\000\040\000t\000o\000u\000t\000e\000s\000\040\000l\000e\000s\000\040\000c\000o\000u\000r\000b\000e\000s\000\040\000?}{}% 3
\BOOKMARK [1][-]{section.4}{\376\377\000R\000a\000c\000c\000o\000r\000d\000\040\000e\000n\000t\000r\000e\000\040\000d\000e\000u\000x\000\040\000s\000e\000g\000m\000e\000n\000t\000s}{}% 4
\BOOKMARK [2][-]{subsection.4.1}{\376\377\000T\000r\000a\000v\000a\000i\000l\000\040\000d\000a\000n\000s\000\040\000l\000'\000e\000s\000p\000a\000c\000e\000\040\000l\000o\000g\000a\000r\000i\000t\000h\000m\000i\000q\000u\000e}{section.4}% 5
\BOOKMARK [2][-]{subsection.4.2}{\376\377\000I\000n\000c\000e\000r\000t\000i\000t\000u\000d\000e\000\040\000s\000u\000r\000\040\000l\000e\000\040\000l\000o\000g\000-\000r\000a\000t\000i\000o}{section.4}% 6
\BOOKMARK [2][-]{subsection.4.3}{\376\377\000E\000s\000t\000i\000m\000a\000t\000i\000o\000n\000\040\000d\000u\000\040\000f\000a\000c\000t\000e\000u\000r\000\040\000d\000e\000\040\000r\000a\000c\000c\000o\000r\000d}{section.4}% 7
\BOOKMARK [1][-]{section.5}{\376\377\000R\000e\000c\000h\000e\000r\000c\000h\000e\000\040\000a\000u\000t\000o\000m\000a\000t\000i\000q\000u\000e\000\040\000d\000'\000u\000n\000e\000\040\000b\000o\000n\000n\000e\000\040\000f\000e\000n\000\352\000t\000r\000e\000\040\000d\000e\000\040\000r\000e\000c\000o\000u\000v\000r\000e\000m\000e\000n\000t}{}% 8
\BOOKMARK [2][-]{subsection.5.1}{\376\377\000T\000e\000s\000t\000\040\000d\000e\000\040\000p\000l\000a\000t\000i\000t\000u\000d\000e}{section.5}% 9
\BOOKMARK [2][-]{subsection.5.2}{\376\377\000R\000\364\000l\000e\000\040\000d\000u\000\040\0002}{section.5}% 10
\BOOKMARK [2][-]{subsection.5.3}{\376\377\000I\000n\000d\000i\000c\000a\000t\000e\000u\000r\000\040\000d\000e\000\040\000r\000\351\000s\000o\000l\000u\000t\000i\000o\000n}{section.5}% 11
\BOOKMARK [2][-]{subsection.5.4}{\376\377\000S\000c\000o\000r\000e\000\040\000d\000'\000u\000n\000e\000\040\000f\000e\000n\000\352\000t\000r\000e}{section.5}% 12
\BOOKMARK [1][-]{section.6}{\376\377\000G\000r\000i\000l\000l\000e\000\040\000d\000e\000\040\000c\000a\000l\000c\000u\000l\000\040\000d\000u\000\040\000r\000a\000t\000i\000o}{}% 13
\BOOKMARK [1][-]{section.7}{\376\377\000S\000\351\000l\000e\000c\000t\000i\000o\000n\000\040\000d\000e\000s\000\040\000s\000e\000g\000m\000e\000n\000t\000s\000\040\000u\000t\000i\000l\000e\000s}{}% 14
\BOOKMARK [2][-]{subsection.7.1}{\376\377\000Q\000u\000a\000l\000i\000t\000\351\000\040\000i\000n\000t\000r\000i\000n\000s\000\350\000q\000u\000e\000\040\000d\000'\000u\000n\000\040\000s\000e\000g\000m\000e\000n\000t}{section.7}% 15
\BOOKMARK [2][-]{subsection.7.2}{\376\377\000C\000o\000\373\000t\000\040\000d\000e\000\040\000t\000r\000a\000n\000s\000i\000t\000i\000o\000n}{section.7}% 16
\BOOKMARK [1][-]{section.8}{\376\377\000C\000r\000i\000t\000\350\000r\000e\000s\000\040\000d\000'\000a\000c\000c\000e\000p\000t\000a\000t\000i\000o\000n\000\040\000e\000t\000\040\000d\000e\000\040\000r\000e\000j\000e\000t}{}% 17
\BOOKMARK [1][-]{section.9}{\376\377\000C\000o\000n\000s\000t\000r\000u\000c\000t\000i\000o\000n\000\040\000d\000e\000\040\000l\000a\000\040\000c\000o\000u\000r\000b\000e\000\040\000f\000i\000n\000a\000l\000e}{}% 18
\BOOKMARK [2][-]{subsection.9.1}{\376\377\000G\000e\000s\000t\000i\000o\000n\000\040\000d\000e\000s\000\040\000z\000o\000n\000e\000s\000\040\000d\000e\000\040\000r\000e\000c\000o\000u\000v\000r\000e\000m\000e\000n\000t}{section.9}% 19
\BOOKMARK [1][-]{section.10}{\376\377\000C\000h\000o\000i\000x\000\040\000d\000e\000\040\000l\000'\000\351\000c\000h\000e\000l\000l\000e\000\040\000d\000e\000\040\000r\000\351\000f\000\351\000r\000e\000n\000c\000e}{}% 20
\BOOKMARK [1][-]{section.11}{\376\377\000R\000\351\000s\000u\000m\000\351\000\040\000d\000e\000\040\000l\000'\000a\000l\000g\000o\000r\000i\000t\000h\000m\000e}{}% 21
\BOOKMARK [1][-]{section.12}{\376\377\000P\000o\000i\000n\000t\000s\000\040\000i\000m\000p\000o\000r\000t\000a\000n\000t\000s\000\040\000\340\000\040\000r\000e\000t\000e\000n\000i\000r}{}% 22
\BOOKMARK [1][-]{section.13}{\376\377\000I\000n\000t\000e\000r\000p\000r\000\351\000t\000a\000t\000i\000o\000n\000\040\000p\000r\000a\000t\000i\000q\000u\000e}{}% 23
